=======================================================
  Week2 LangGraph 改造测试套件
=======================================================

───────────────────────────────────────────────────────
  Level 1 — 静态结构验证（无需 API Key）
───────────────────────────────────────────────────────
  ✅ 所有新模块可导入
  ✅ AgentState 字段完整性
  ✅ StateGraph 可正常编译
  ✅ LangChain Tools（7个，get_tool_by_name）
  ✅ 意图→工具关键词映射表
  ✅ 路由函数逻辑（route_by_intent + route_after_rag）
  ✅ Week1 RAG 模块与 Week2 兼容性

───────────────────────────────────────────────────────
  Level 2 — 节点数据流验证（Mock LLM）
───────────────────────────────────────────────────────
  ✅ 意图路由：关键词优先级覆盖
[ChromaDB] 初始化持久化客户端，路径：storage/chroma_db
  ✅ rag_node：空知识库优雅降级
  ✅ tool_executor：空 tool_name 的 fallback 机制
  ✅ tool_executor：session_events 事件追加
  ✅ memory_update_node：L2/L4 快照刷新
  ✅ plan 分支：rag_node 正确跳过
  ✅ Week1+2 集成：RRF 融合算法正确性

───────────────────────────────────────────────────────
  Level 3 — 端到端测试（调用真实 LLM API）
───────────────────────────────────────────────────────
      → intent=study, tool_name=explain_concept, topic=快速排序时间复杂度
  ✅ intent_router：真实LLM分类（快速排序 → study）
      → intent=plan, tool_name=save_study_plan
  ✅ intent_router：真实LLM分类（创建计划）
      → 回复前50字：快速排序是一种高效的排序算法，它的平均时间复杂度是O(n log n)。这里，n是待排序数组的长度。...
  ✅ response_generator：注入tool_result生成回复
      → intent=study, tool=explain_concept
      → 回复: 进程是程序在计算机上的一次执行活动，是系统进行资源分配和调度的基本单位。...
  ✅ 完整图端到端：study分支（进程是什么）
🤖 LangGraph Agent 初始化完成，用户：test_user_001
      → 回复: 死锁是指多个进程在相互等待对方所占用的资源时，形成一个循环等待的状态，导致所有进程都无法继续执行的情况。...
  ✅ LangGraphAgent.chat()：完整对话接口

=======================================================
  测试结果：19/19 通过
=======================================================
